<?xml version="1.0" encoding="UTF-8"?>
<testsuites name="jest tests" tests="43" failures="1" errors="0" time="19.604">
  <testsuite name="Process use case test" errors="0" failures="0" skipped="0" timestamp="2022-07-28T19:06:53" time="11.554" tests="1">
    <testcase classname="Process use case test Should execute partial sync and return a response dto" name="Process use case test Should execute partial sync and return a response dto" time="0.004">
    </testcase>
  </testsuite>
  <testsuite name="ModuleModel model" errors="0" failures="0" skipped="0" timestamp="2022-07-28T19:06:53" time="12.252" tests="4">
    <testcase classname="ModuleModel model Should create a new module Model" name="ModuleModel model Should create a new module Model" time="0.003">
    </testcase>
    <testcase classname="ModuleModel model Should create a new module Model &amp; reconfigure module" name="ModuleModel model Should create a new module Model &amp; reconfigure module" time="0.001">
    </testcase>
    <testcase classname="ModuleModel model Should create a new module Model &amp; switch on wait 500 then switch off" name="ModuleModel model Should create a new module Model &amp; switch on wait 500 then switch off" time="2.002">
    </testcase>
    <testcase classname="ModuleModel model Should create a new module Model &amp; must raise error " name="ModuleModel model Should create a new module Model &amp; must raise error " time="0.013">
    </testcase>
  </testsuite>
  <testsuite name="SocketIoClientProxyService" errors="0" failures="0" skipped="0" timestamp="2022-07-28T19:06:53" time="12.666" tests="5">
    <testcase classname="SocketIoClientProxyService should be defined" name="SocketIoClientProxyService should be defined" time="0.041">
    </testcase>
    <testcase classname="SocketIoClientProxyService should connect" name="SocketIoClientProxyService should connect" time="0.034">
    </testcase>
    <testcase classname="SocketIoClientProxyService should close" name="SocketIoClientProxyService should close" time="0.029">
    </testcase>
    <testcase classname="SocketIoClientProxyService should dispatch" name="SocketIoClientProxyService should dispatch" time="0.393">
    </testcase>
    <testcase classname="SocketIoClientProxyService should dispatch timeout" name="SocketIoClientProxyService should dispatch timeout" time="0.055">
    </testcase>
  </testsuite>
  <testsuite name="Notification Service unit testing " errors="0" failures="0" skipped="0" timestamp="2022-07-28T19:06:53" time="12.989" tests="1">
    <testcase classname="Notification Service unit testing  Should get configuration" name="Notification Service unit testing  Should get configuration" time="0.017">
    </testcase>
  </testsuite>
  <testsuite name="Synchronize Service unit testing " errors="0" failures="0" skipped="0" timestamp="2022-07-28T19:06:53" time="13.195" tests="5">
    <testcase classname="Synchronize Service unit testing  Should save configuration" name="Synchronize Service unit testing  Should save configuration" time="0.007">
    </testcase>
    <testcase classname="Synchronize Service unit testing  Should save new cycle as partial configuration" name="Synchronize Service unit testing  Should save new cycle as partial configuration" time="0.004">
    </testcase>
    <testcase classname="Synchronize Service unit testing  Should update cycle &amp; sequence child as partial configuration" name="Synchronize Service unit testing  Should update cycle &amp; sequence child as partial configuration" time="0.002">
    </testcase>
    <testcase classname="Synchronize Service unit testing  Should delete cycle " name="Synchronize Service unit testing  Should delete cycle " time="0.007">
    </testcase>
    <testcase classname="Synchronize Service unit testing  Should delete sequence &amp; module from cycle " name="Synchronize Service unit testing  Should delete sequence &amp; module from cycle " time="0.004">
    </testcase>
  </testsuite>
  <testsuite name="Process use case test" errors="0" failures="0" skipped="0" timestamp="2022-07-28T19:07:07" time="1.455" tests="1">
    <testcase classname="Process use case test Should execute process and return a response dto" name="Process use case test Should execute process and return a response dto" time="0.004">
    </testcase>
  </testsuite>
  <testsuite name="CyleModel model" errors="0" failures="0" skipped="0" timestamp="2022-07-28T19:07:06" time="1.729" tests="5">
    <testcase classname="CyleModel model Should create a new cycle Model &amp; check its struct validity" name="CyleModel model Should create a new cycle Model &amp; check its struct validity" time="0.007">
    </testcase>
    <testcase classname="CyleModel model Should create a new cycle Model &amp; and exectStruct" name="CyleModel model Should create a new cycle Model &amp; and exectStruct" time="0.007">
    </testcase>
    <testcase classname="CyleModel model Should create a new cycle Model &amp; and get modules" name="CyleModel model Should create a new cycle Model &amp; and get modules" time="0.002">
    </testcase>
    <testcase classname="CyleModel model Should create a new cycle Model &amp; and check if module exists in this cycle" name="CyleModel model Should create a new cycle Model &amp; and check if module exists in this cycle" time="0.006">
    </testcase>
    <testcase classname="CyleModel model Should create a new cycle Model &amp; and reset it" name="CyleModel model Should create a new cycle Model &amp; and reset it" time="0.129">
    </testcase>
  </testsuite>
  <testsuite name="SocketIoClientStrategy" errors="0" failures="0" skipped="0" timestamp="2022-07-28T19:07:06" time="2.539" tests="2">
    <testcase classname="SocketIoClientStrategy should be defined" name="SocketIoClientStrategy should be defined" time="0.054">
    </testcase>
    <testcase classname="SocketIoClientStrategy &amp; reuses provider.getSocket() should be defined" name="SocketIoClientStrategy &amp; reuses provider.getSocket() should be defined" time="0.011">
    </testcase>
  </testsuite>
  <testsuite name="SocketIoClientProvider" errors="0" failures="0" skipped="0" timestamp="2022-07-28T19:07:06" time="2.959" tests="1">
    <testcase classname="SocketIoClientProvider should be defined" name="SocketIoClientProvider should be defined" time="0.143">
    </testcase>
  </testsuite>
  <testsuite name="Process use case test" errors="0" failures="0" skipped="0" timestamp="2022-07-28T19:06:53" time="15.41" tests="1">
    <testcase classname="Process use case test Should execute process and return a response dto" name="Process use case test Should execute process and return a response dto" time="0.02">
    </testcase>
  </testsuite>
  <testsuite name="StructureModel model" errors="0" failures="0" skipped="0" timestamp="2022-07-28T19:07:08" time="1.513" tests="1">
    <testcase classname="StructureModel model Should create a new structure Model" name="StructureModel model Should create a new structure Model" time="0.003">
    </testcase>
  </testsuite>
  <testsuite name="ExecutionModel model" errors="0" failures="0" skipped="0" timestamp="2022-07-28T19:07:08" time="1.337" tests="3">
    <testcase classname="ExecutionModel model Should create a new execution Cycle as task Model and execute It action:ON" name="ExecutionModel model Should create a new execution Cycle as task Model and execute It action:ON" time="0.004">
    </testcase>
    <testcase classname="ExecutionModel model Should create a new execution Cycle as task Model and execute It action:OFF 1" name="ExecutionModel model Should create a new execution Cycle as task Model and execute It action:OFF 1" time="0.002">
    </testcase>
    <testcase classname="ExecutionModel model Should create a new execution Cycle as task Model and execute It action:OFF 2" name="ExecutionModel model Should create a new execution Cycle as task Model and execute It action:OFF 2" time="0.001">
    </testcase>
  </testsuite>
  <testsuite name="SequenceModel model" errors="0" failures="0" skipped="0" timestamp="2022-07-28T19:07:09" time="1.321" tests="2">
    <testcase classname="SequenceModel model Should create a new sequence Model" name="SequenceModel model Should create a new sequence Model" time="0.005">
    </testcase>
    <testcase classname="SequenceModel model Should create a new sequence Model &amp; reset it" name="SequenceModel model Should create a new sequence Model &amp; reset it" time="0.005">
    </testcase>
  </testsuite>
  <testsuite name="Process use case test" errors="0" failures="0" skipped="0" timestamp="2022-07-28T19:07:09" time="1.395" tests="1">
    <testcase classname="Process use case test Should execute process and return a response dto" name="Process use case test Should execute process and return a response dto" time="0.01">
    </testcase>
  </testsuite>
  <testsuite name="Notification Service unit testing " errors="0" failures="0" skipped="0" timestamp="2022-07-28T19:07:05" time="5.047" tests="3">
    <testcase classname="Notification Service unit testing  Should initialize module process" name="Notification Service unit testing  Should initialize module process" time="0.186">
    </testcase>
    <testcase classname="Notification Service unit testing  Should fail module process" name="Notification Service unit testing  Should fail module process" time="0.034">
    </testcase>
    <testcase classname="Notification Service unit testing  Should fail module process cause resetAll " name="Notification Service unit testing  Should fail module process cause resetAll " time="0.009">
    </testcase>
  </testsuite>
  <testsuite name="Notification Service unit testing " errors="0" failures="1" skipped="0" timestamp="2022-07-28T19:06:53" time="18.397" tests="7">
    <testcase classname="Notification Service unit testing  Should execute process &amp; check status IN_PROCESS/STOPPED" name="Notification Service unit testing  Should execute process &amp; check status IN_PROCESS/STOPPED" time="1.685">
    </testcase>
    <testcase classname="Notification Service unit testing  Should switch process ON/OFF" name="Notification Service unit testing  Should switch process ON/OFF" time="1.034">
    </testcase>
    <testcase classname="Notification Service unit testing  Should manage conflicted processes" name="Notification Service unit testing  Should manage conflicted processes" time="1.032">
    </testcase>
    <testcase classname="Notification Service unit testing  Should execute proccess in queue mode" name="Notification Service unit testing  Should execute proccess in queue mode" time="0.044">
    </testcase>
    <testcase classname="Notification Service unit testing  Should return all notifications check conflicted" name="Notification Service unit testing  Should return all notifications check conflicted" time="0.041">
      <failure>Error: expect(received).toEqual(expected) // deep equality

Expected: &quot;IN_PROCCESS&quot;
Received: &quot;STOPPED&quot;
    at Object.&lt;anonymous&gt; (/Users/nya-perso/cleveremote/cleveremote-box/src/modules/process/domain/test/services/execution.service.spec.ts:123:41)
    at processTicksAndRejections (node:internal/process/task_queues:96:5)</failure>
    </testcase>
    <testcase classname="Notification Service unit testing  Should fire error invalid Error struct" name="Notification Service unit testing  Should fire error invalid Error struct" time="0.066">
    </testcase>
    <testcase classname="Notification Service unit testing  Should manage async error on port configuration" name="Notification Service unit testing  Should manage async error on port configuration" time="1.103">
    </testcase>
  </testsuite>
</testsuites>